
> vedesi@0.1.0 build
> next build

Γû▓ Next.js 16.2.10 (Turbopack)
- Environments: .env.local

npm.cmd : ΓÜá The "middleware" file convention is deprecated. Please use 
"proxy" instead. Learn more: 
https://nextjs.org/docs/messages/middleware-to-proxy
At line:1 char:37
+ cd 'c:\Users\PRC\Downloads\vedesi'; npm.cmd run build 2>&1 | Out-File ...
+                                     ~~~~~~~~~~~~~~~~~~~~~~
    + CategoryInfo          : NotSpecified: (ΓÜá The "middle...leware-to-proxy 
   :String) [], RemoteException
    + FullyQualifiedErrorId : NativeCommandError
 
  Creating an optimized production build ...
Γ£ô Compiled successfully in 16.8s
  Running TypeScript ...
Failed to type check.

./src/lib/data.ts:143:3
Type error: Type '{ active: boolean; minOrderValue: number | undefined; code: 
string; type: string; value: number; }' is not assignable to type 'Coupon'.
  Types of property 'type' are incompatible.
    Type 'string' is not assignable to type '"percent" | "flat"'.

  [90m141 |[0m
  [90m142 |[0m [36mfunction[0m parseCouponRow(row: [33mCouponRow[0m): 
[33mCoupon[0m {
[31m[1m>[0m [90m143 |[0m   [36mreturn[0m {
  [90m    |[0m   [31m[1m^[0m
  [90m144 |[0m     ...row,
  [90m145 |[0m     active: [33mBoolean[0m(row.active),
  [90m146 |[0m     minOrderValue: row.minOrderValue ?? [36mundefined[0m,
Next.js build worker exited with code: 1 and signal: null
